// Jest Snapshot v1, https://goo.gl/fbAQLP

exports[`<Color /> UI Component Renders correct properties 1`] = `
<section
  className="color"
  style={
    Object {
      "backgroundColor": "#CCC",
    }
  }
>
  <h1>
    Test Color
  </h1>
  <button
    onClick={[Function]}
    type="button"
  >
    X
  </button>
  <div
    className="color"
    style={
      Object {
        "backgroundColor": "#F0F0F0",
      }
    }
  />
  <div>
    <StarRating
      onRate={[Function]}
      starsSelected={3}
      totalStars={5}
    />
  </div>
</section>
`;
